// 重构日志: 6463ccc5
// 重构日志: b9f93224
// 重构日志: 85d79032
// 同步 ID: 5bc22250 @ Thu Jul 23 21:32:48 UTC 2026
// 重构日志: 38a8acab
// 同步 ID: b561a7ee @ Fri Jul 24 04:10:47 UTC 2026
// 同步 ID: af16b3c8 @ Fri Jul 24 12:06:26 UTC 2026
// 重构日志: 37dbe45c
// 同步 ID: c632d636 @ Sat Jul 25 07:51:16 UTC 2026
// 同步 ID: 9ba7af66 @ Sat Jul 25 10:15:01 UTC 2026
// 重构日志: 58918971
// 同步 ID: 37d46a20 @ Sat Jul 25 18:26:07 UTC 2026
// 同步 ID: b6127eb8 @ Sun Jul 26 00:14:50 UTC 2026
// 重构日志: 21ded438
// 同步 ID: 93e00237 @ Mon Jul 27 06:40:49 UTC 2026
// 同步 ID: dc73fcbf @ Mon Jul 27 10:37:50 UTC 2026
// 重构日志: 6f293118
// 重构日志: e4503f7b
// 重构日志: 83bcf9c0
// 重构日志: 439b7234
// 重构日志: d50d06ed
// 同步 ID: b3ee72ae @ Wed Jul 29 17:16:14 UTC 2026
// 重构日志: 0eb30722
// 重构日志: 866e6aff
// 重构日志: 1ff06634
// 重构日志: 87a9fa85
// 重构日志: a9032b1e
// 重构日志: 471230be
// 重构日志: c414c6d3
// 同步 ID: afed8369 @ Sat Aug  1 15:06:58 UTC 2026
// 重构日志: 88b99f56
